2026/09/12 17:49:04 BENCHMARK BUILD revision=76b056d90f114266e89d889b49c4ca487d5d04fb modified=true go=go1.24.5
2026/09/12 17:49:04 BENCHMARK DIAGNOSTICS stage_timing=false cpu_profile=false
Starting UTIG-based nodes: [0]
System params: N=5, F=1, Gamma=0.90
Malicious replicas are assumed to be IDs >= 4
Workload params: TxRate=100/s, TxSize=512B, LO-Interval=150ms, LO-Size=400
Simulation duration: 4 seconds

2026/09/12 17:49:05 Node 0 waiting for peers to connect...
2026/09/12 17:49:09 Node 0: All peers connected.
2026/09/12 17:49:09 Node 0 is starting as an HONEST replica.
2026/09/12 17:49:09 Leader monitor started.
2026/09/12 17:49:09 Transaction submission started.
[LEADER] Time: 1.0s, Submitted: 99, Finalized: 89, UTIG: 0, TPS: 88.92, Mean Completed Latency: 83ms[LEADER] Time: 2.0s, Submitted: 200, Finalized: 194, UTIG: 0, TPS: 96.95, Mean Completed Latency: 82ms[LEADER] Time: 3.0s, Submitted: 299, Finalized: 284, UTIG: 1, TPS: 94.63, Mean Completed Latency: 83ms2026/09/12 17:49:13 Transaction submission stopping...

Simulation time ended.


--- FINAL RESULTS ---
2026/09/12 17:49:13 BENCHMARK CPU {"cpu_percent_one_core":7.422330359967583,"cpu_seconds":0.296875,"replicas":[0],"sample_seconds":3.9997546}
Measurement Duration: 4s
Total Submitted: 399
Total Finalized: 389
2026/09/12 17:49:13 BENCHMARK STATE replica=0 seq=26 state=d002a9401a9da4387c97aa16d1e946aaa1c466d6187b9ef9180a69237438e475 fragment=ecf57f3b2b93ee61699f8214288277399b5059e28c946ce61a7bf139527e3fdf
Average TPS:     97.25
Actual Offered Rate: 99.75
Locally Failed Transaction Send Attempts: 0
Mean Completed-Transaction Latency: 83ms
Latency Samples: 389
Outstanding: 10
Completion Ratio: 0.974937
--- END FINAL RESULTS ---
2026/09/12 17:49:13 Node 0 shutting down...
2026/09/12 17:49:13 BENCHMARK MECHANISM {"replica":0,"window_seconds":4,"counts":{"committed_fragments":26,"construct_success":26,"lo_fresh":21,"lo_retransmit_attempts":5,"lo_signatures":26,"network_protocol_bytes":677180,"network_protocol_messages":208,"network_transaction_bytes":1006164,"network_transaction_messages":1596,"self_local_order_bytes":0,"self_local_order_messages":26,"self_transaction_bytes":0,"self_transaction_messages":399},"samples":{"construct_wall_ns":{"count":26,"sum":32496100,"max":1991100,"last":1064400},"fragment_output_transactions":{"count":26,"sum":389,"max":16,"last":15},"lo_fresh_ids":{"count":21,"sum":389,"max":30,"last":15},"receipt_queue":{"count":419,"sum":6014,"max":31,"last":25}}}

All nodes on this instance have shut down.
