2026/09/12 17:48:56 BENCHMARK BUILD revision=76b056d90f114266e89d889b49c4ca487d5d04fb modified=true go=go1.24.5
2026/09/12 17:48:56 BENCHMARK DIAGNOSTICS stage_timing=false cpu_profile=false
Starting UTIG-based nodes: [0]
System params: N=5, F=1, Gamma=0.90
Malicious replicas are assumed to be IDs >= 4
Workload params: TxRate=100/s, TxSize=512B, LO-Interval=25ms, LO-Size=400
Simulation duration: 4 seconds

2026/09/12 17:48:56 Node 0 waiting for peers to connect...
2026/09/12 17:49:00 Node 0: All peers connected.
2026/09/12 17:49:00 Node 0 is starting as an HONEST replica.
2026/09/12 17:49:00 Leader monitor started.
2026/09/12 17:49:00 Transaction submission started.
[LEADER] Time: 1.0s, Submitted: 100, Finalized: 97, UTIG: 0, TPS: 96.98, Mean Completed Latency: 17ms[LEADER] Time: 2.0s, Submitted: 199, Finalized: 197, UTIG: 0, TPS: 98.49, Mean Completed Latency: 17ms[LEADER] Time: 3.0s, Submitted: 300, Finalized: 297, UTIG: 0, TPS: 98.99, Mean Completed Latency: 17ms2026/09/12 17:49:04 Transaction submission stopping...
[LEADER] Time: 4.0s, Submitted: 399, Finalized: 397, UTIG: 0, TPS: 99.24, Mean Completed Latency: 17ms2026/09/12 17:49:04 BENCHMARK CPU {"cpu_percent_one_core":3.5152464079618624,"cpu_seconds":0.140625,"replicas":[0],"sample_seconds":4.0004308}

Simulation time ended.
2026/09/12 17:49:04 BENCHMARK STATE replica=0 seq=159 state=9a5f1ad767605d2cc4fca97ba65befb4c97116d519866f8782e7193e9f02b572 fragment=633b2c55817d209a4119cebaac4b6caf49c1b1f9abd1692176fc50a7339484a6


--- FINAL RESULTS ---
Measurement Duration: 4s
Total Submitted: 399
Total Finalized: 397
Average TPS:     99.25
Actual Offered Rate: 99.75
Locally Failed Transaction Send Attempts: 0
Mean Completed-Transaction Latency: 17ms
Latency Samples: 397
Outstanding: 2
Completion Ratio: 0.994987
--- END FINAL RESULTS ---
2026/09/12 17:49:04 Node 0 shutting down...
2026/09/12 17:49:04 BENCHMARK MECHANISM {"replica":0,"window_seconds":4,"counts":{"committed_fragments":159,"construct_success":159,"lo_fresh":127,"lo_retransmit_attempts":32,"lo_signatures":159,"network_protocol_bytes":1346524,"network_protocol_messages":1272,"network_transaction_bytes":1005868,"network_transaction_messages":1596,"self_local_order_bytes":0,"self_local_order_messages":159,"self_transaction_bytes":0,"self_transaction_messages":399},"samples":{"construct_wall_ns":{"count":159,"sum":100922400,"max":1411100,"last":626700},"fragment_output_transactions":{"count":159,"sum":397,"max":3,"last":3},"lo_fresh_ids":{"count":127,"sum":397,"max":6,"last":2},"receipt_queue":{"count":526,"sum":1384,"max":6,"last":2}}}

All nodes on this instance have shut down.
